<html>
<body>
<pre>
<h1>µVision Build Log</h1>
<h2>Tool Versions:</h2>
IDE-Version: µVision V5.36.0.0
Copyright (C) 2021 ARM Ltd and ARM Germany GmbH. All rights reserved.
License Information: Faculty of Engineering Labs, University of Regina, LIC=----
 
Tool Versions:
Toolchain:       MDK-Lite  Version: 5.36.0.0
Toolchain Path:  C:\Keil_v5\ARM\ARMCLANG\Bin
C Compiler:      ArmClang.exe V6.16
Assembler:       Armasm.exe V6.16
Linker/Locator:  ArmLink.exe V6.16
Library Manager: ArmAr.exe V6.16
Hex Converter:   FromElf.exe V6.16
CPU DLL:         SARMCM3.DLL V5.36.0.0
Dialog DLL:      DCM.DLL V1.17.3.0
Target DLL:      STLink\ST-LINKIII-KEIL_SWO.dll V3.0.9.0
Dialog DLL:      TCM.DLL V1.53.0.0
 
<h2>Project:</h2>
H:\Battleship\Battleship\Battleship.uvprojx
Project File Date:  11/24/2022

<h2>Output:</h2>
*** Using Compiler 'V6.16', folder: 'C:\Keil_v5\ARM\ARMCLANG\Bin'
Rebuild target 'Target 1'
compiling io_hw.c...
compiling system_stm32f10x.c...
assembling startup_stm32f10x_md.s...
src/battleship.c(37): warning: In file included from...
src/../include/battleship.h(31): warning: padding struct 'struct Vessel' with 3 bytes to align 'length' [-Wpadded]
        unsigned int length;
                     ^
src/../include/battleship.h(28): warning: padding size of 'struct Vessel' with 3 bytes to alignment boundary [-Wpadded]
struct Vessel {
       ^
src/battleship.c(80): warning: switch condition has boolean value [-Wswitch-bool]
                switch (shoot(col,row)){
                ^       ~~~~~~~~~~~~~~
src/battleship.c(80): warning: variable 'col' may be uninitialized when used here [-Wconditional-uninitialized]
                switch (shoot(col,row)){
                              ^~~
src/battleship.c(57): note: initialize the variable 'col' to silence this warning
                int col,row;   // local variable to take row and column
                       ^
                        = 0
src/battleship.c(80): warning: variable 'row' may be uninitialized when used here [-Wconditional-uninitialized]
                switch (shoot(col,row)){
                                  ^~~
src/battleship.c(57): note: initialize the variable 'row' to silence this warning
                int col,row;   // local variable to take row and column
                           ^
                            = 0
src/battleship.c(241): warning: incompatible integer to pointer conversion initializing 'int *' with an expression of type 'int'; take the address with & [-Wint-conversion]
        int *p = address;
             ^   ~~~~~~~
                 &
src/battleship.c(249): warning: incompatible integer to pointer conversion initializing 'int *' with an expression of type 'int'; take the address with & [-Wint-conversion]
        int *p = address;
             ^   ~~~~~~~
                 &
src/battleship.c(307): warning: non-void function does not return a value in all control paths [-Wreturn-type]
}
^
src/battleship.c(297): warning: loop will run at most once (loop increment never executed) [-Wunreachable-code-loop-increment]
                                for( unsigned  int j = 0 ; j < vessels[i].length ; j++ ){
                                                                                   ^~~
9 warnings generated.
compiling battleship.c...
linking...
Program Size: Code=1464 RO-data=252 RW-data=0 ZI-data=2032  
".\Objects\Battleship.axf" - 0 Error(s), 9 Warning(s).

<h2>Software Packages used:</h2>

Package Vendor: ARM
                http://www.keil.com/pack/ARM.CMSIS.5.8.0.pack
                ARM.CMSIS.5.8.0
                CMSIS (Common Microcontroller Software Interface Standard)
   * Component: CORE Version: 5.5.0

Package Vendor: Keil
                http://www.keil.com/pack/Keil.STM32F1xx_DFP.2.4.0.pack
                Keil.STM32F1xx_DFP.2.4.0
                STMicroelectronics STM32F1 Series Device Support, Drivers and Examples
   * Component: Startup Version: 1.0.0

<h2>Collection of Component include folders:</h2>
  .\RTE\Device\STM32F103RB
  .\RTE\_Target_1
  C:\Temp\Keil\Arm\Packs\ARM\CMSIS\5.8.0\CMSIS\Core\Include
  C:\Temp\Keil\Arm\Packs\Keil\STM32F1xx_DFP\2.4.0\Device\Include

<h2>Collection of Component Files used:</h2>

   * Component: ARM::CMSIS:CORE:5.5.0

   * Component: Keil::Device:Startup:1.0.0
      Source file:   Device\Source\ARM\startup_stm32f10x_md.s
      Include file:  RTE_Driver\Config\RTE_Device.h
      Source file:   Device\Source\ARM\STM32F1xx_OPT.s
      Source file:   Device\Source\system_stm32f10x.c
Build Time Elapsed:  00:00:01
</pre>
</body>
</html>
